// Jest Snapshot v1, https://goo.gl/fbAQLP

exports[`RepositoryCard.vue renders correctly 1`] = `
<div>
  <bh-field label="Language">
    <languageselect-stub value="en" exclude=""></languageselect-stub>
  </bh-field>
  <bh-field label="Message">
    <bh-textarea rows="5" type="textarea"></bh-textarea>
  </bh-field>
  <bh-tabs>
    <bh-tab-item label="cURL">
      <bh-highlighted-pre code-class="curl">curl -X POST \\
        -H 'Authorization: Bearer 8511fd26-a3bc-4f74-9af1-176abca5401d' \\
        -F 'language=en' \\
        -F "text=" \\
        https://nlp.bothub.it/parse/</bh-highlighted-pre>
    </bh-tab-item>
    <bh-tab-item label="Python">
      <bh-highlighted-pre code-class="python">import requests

        data = {
        'language': 'en',
        'text': '',
        }

        headers = { 'Authorization': 'Bearer 8511fd26-a3bc-4f74-9af1-176abca5401d' }
        r = requests.post('https://nlp.bothub.it/parse/', headers=headers, data=data)
        print(r.json())</bh-highlighted-pre>
    </bh-tab-item>
    <bh-tab-item label="Javascript">
      <bh-highlighted-pre code-class="javascript">var data = new FormData();
        data.append('language', 'en');
        data.append('text', '');

        var request = new XMLHttpRequest();
        request.onload = function () {
        console.log(JSON.parse(request.response));
        };

        request.open('POST', 'https://nlp.bothub.it/parse/');
        request.setRequestHeader('Authorization', 'Bearer 8511fd26-a3bc-4f74-9af1-176abca5401d');
        request.send(data);</bh-highlighted-pre>
    </bh-tab-item>
  </bh-tabs>
</div>
`;
